
Memory Configuration

Name             Origin             Length             Attributes
FLASH            0x00000000         0x00040000         xr
SRAM             0x20000000         0x00008000         xrw
*default*        0x00000000         0xffffffff

Linker script and memory map

                0x00000000                PROVIDE (_intvecs_base_address, 0x0)

.intvecs
 *(.intvecs)

.sprints        0x00000000        0x2
                0x00000000                __sprints_Start__ = .
 *(.sprints)
 .sprints       0x00000000        0x2 app_main.o
                0x00000000                sprints
                0x00000002                __sprints_end__ = .

.text           0x00000004       0x84
 CREATE_OBJECT_SYMBOLS
 *(.text)
 .text          0x00000004       0x3c app_2.o
                0x00000004                vidFunc
 .text          0x00000040       0x48 app_main.o
                0x00000040                main
 *(.text.*)

.glue_7         0x00000088        0x0
 .glue_7        0x00000000        0x0 linker stubs

.glue_7t        0x00000088        0x0
 .glue_7t       0x00000000        0x0 linker stubs

.vfp11_veneer   0x00000088        0x0
 .vfp11_veneer  0x00000000        0x0 linker stubs

.v4_bx          0x00000088        0x0
 .v4_bx         0x00000000        0x0 linker stubs

.iplt           0x00000088        0x0
 .iplt          0x00000000        0x0 app_2.o

.rodata         0x00000088        0x2
 *(.rodata)
 .rodata        0x00000088        0x2 app_main.o
                0x00000088                u16ConstGlobalVar
 *(.rodata*)

.rel.dyn        0x0000008c        0x0
 .rel.iplt      0x00000000        0x0 app_2.o

.data           0x20000000        0x4 load address 0x0000008c
                0x0000008c                __data_load__ = LOADADDR (.data)
                0x20000000                __data_start__ = .
 *(.data)
 .data          0x20000000        0x0 app_2.o
 .data          0x20000000        0x2 app_main.o
                0x20000000                u8InitGLobalVar
 *(.data*)
                0x20000004                . = ALIGN (0x4)
 *fill*         0x20000002        0x2 
                0x20000004                __data_end__ = .

.igot.plt       0x20000004        0x0 load address 0x00000090
 .igot.plt      0x00000000        0x0 app_2.o

.bss            0x20000004        0x4 load address 0x00000090
                0x20000004                __bss_start__ = .
 *(.shbss)
 *(.bss)
 .bss           0x20000004        0x0 app_2.o
 .bss           0x20000004        0x4 app_main.o
 *(.bss.*)
 *(COMMON)
                0x20000008                . = ALIGN (0x4)
                0x20000008                __bss_end__ = .

.stack          0x20000008        0x0 load address 0x00000090
                0x20000008                _stack = .
                0x20000008                __stack = .
 *(.stack)
LOAD app_2.o
LOAD app_main.o
OUTPUT(app.elf elf32-littlearm)

.comment        0x00000000       0x11
 .comment       0x00000000       0x11 app_2.o
                                 0x12 (size before relaxing)
 .comment       0x00000000       0x12 app_main.o

.ARM.attributes
                0x00000000       0x33
 .ARM.attributes
                0x00000000       0x33 app_2.o
 .ARM.attributes
                0x00000033       0x33 app_main.o
